=== DBI Started: ./installation_prepare.sql

Create Temp Publicly Updateable Table

Table created.


Grant succeeded.


Synonym created.


Check for Prerequisite BUILD_TYPEs
Prerequisite BUILD_TYPEs for "grbtsdo"
WARNING: Prerequisite BUILD_TYPE "grbendp" not found in ODBCAPTURE_INSTALLATION_LOGS table.
WARNING: Prerequisite BUILD_TYPE "grbjava" not found in ODBCAPTURE_INSTALLATION_LOGS table.
 -) "grbras" last loaded on 07-Jan-2025 06:06:55
 -) "grbsdo" last loaded on 07-Jan-2025 06:07:07
 -) "grbsrc" last loaded on 07-Jan-2025 06:06:39
 -) "grbtst" last loaded on 07-Jan-2025 06:07:38
WARNING: Prerequisite BUILD_TYPE "grbxrep" not found in ODBCAPTURE_INSTALLATION_LOGS table.

PL/SQL procedure successfully completed.

=== DBI Completed at 2025-01-07T06:07:54 for a duration of .26 seconds (started at 2025-01-07T06:07:54)
=== DBI Started: ODBCTEST/SDO_COLA_MARKETS.tbl

Table created.


Table altered.

=== DBI Completed at 2025-01-07T06:07:54 for a duration of .33 seconds (started at 2025-01-07T06:07:54)
=== DBI Started: ODBCTEST/SDO_COLA_MARKETS.cldr

Disable Triggers and Foreign Keys

PL/SQL procedure successfully completed.


sqlldr_control=ODBCTEST/SDO_COLA_MARKETS.ctl


PL/SQL procedure successfully completed.

=== DBI Completed at 2025-01-07T06:07:58 for a duration of 3.36 seconds (started at 2025-01-07T06:07:54)
=== DBI Started: ODBCTEST/SDO_COLA_MARKETS.tidx
=== DBI Completed at 2025-01-07T06:07:58 for a duration of .07 seconds (started at 2025-01-07T06:07:58)
=== DBI Started: ./installation_finalize.sql

Drop Temp Publicly Updateable Table

Synonym dropped.


Table dropped.


fix_invalid_public_synonyms

Re-create Invalid Public Synonyms

PL/SQL procedure successfully completed.


compile_all
Compile All started
ODBCTEST Compiled.
Compile All is done.

PL/SQL procedure successfully completed.


alter_foreign_keys_ENABLE
Alter Foreign Keys started.
  ENABLE 'ODBCTEST'
Alter Foreign Keys is done.

PL/SQL procedure successfully completed.


alter_triggers_ENABLE
Alter Triggers started.
  ENABLE 'ODBCTEST'
Alter Triggers is done.

PL/SQL procedure successfully completed.


update_id_sequences
Update ID Sequences started
Identity Sequence Updates is done.

PL/SQL procedure successfully completed.


Switch Spooling Off
