=== DBI Started: ./installation_prepare.sql

Create Temp Publicly Updateable Table

Table created.


Grant succeeded.


Synonym created.


Check for Prerequisite BUILD_TYPEs
Prerequisite BUILD_TYPEs for "grbtst"
WARNING: Prerequisite BUILD_TYPE "grbendp" not found in ODBCAPTURE_INSTALLATION_LOGS table.
 -) "grbjava" last loaded on 07-Jan-2025 23:12:05
 -) "grbras" last loaded on 07-Jan-2025 23:12:00
 -) "grbsdo" last loaded on 07-Jan-2025 23:12:10
 -) "grbsrc" last loaded on 07-Jan-2025 23:11:53
 -) "grbxrep" last loaded on 07-Jan-2025 23:12:14

PL/SQL procedure successfully completed.

=== DBI Completed at 2025-01-07T23:12:22 for a duration of .09 seconds (started at 2025-01-07T23:12:22)
=== DBI Started: ODBCAPTURE/GRBTST__NAME.tbl

Table created.


Grant succeeded.


Grant succeeded.


Grant succeeded.


Grant succeeded.

=== DBI Completed at 2025-01-07T23:12:22 for a duration of .1 seconds (started at 2025-01-07T23:12:22)
=== DBI Started: ODBCAPTURE/GRBTST_IMAGE.tbl

Table created.

=== DBI Completed at 2025-01-07T23:12:22 for a duration of .04 seconds (started at 2025-01-07T23:12:22)
=== DBI Started: ODBCAPTURE/BUILD_CONF.cldr

Disable Triggers and Foreign Keys

PL/SQL procedure successfully completed.


sqlldr_control=ODBCAPTURE/BUILD_CONF.ctl


PL/SQL procedure successfully completed.

=== DBI Completed at 2025-01-07T23:12:22 for a duration of .35 seconds (started at 2025-01-07T23:12:22)
=== DBI Started: ODBCAPTURE/BUILD_PATH.cldr

Disable Triggers and Foreign Keys
alter table "ODBCAPTURE"."BUILD_PATH" DISABLE constraint "BUILD_PATH_FK1";
alter table "ODBCAPTURE"."BUILD_PATH" DISABLE constraint "BUILD_PATH_FK2";

PL/SQL procedure successfully completed.


sqlldr_control=ODBCAPTURE/BUILD_PATH.ctl


PL/SQL procedure successfully completed.

=== DBI Completed at 2025-01-07T23:12:23 for a duration of .59 seconds (started at 2025-01-07T23:12:22)
=== DBI Started: ODBCAPTURE/GRBTST__NAME.cldr

Disable Triggers and Foreign Keys

PL/SQL procedure successfully completed.


sqlldr_control=ODBCAPTURE/GRBTST__NAME.ctl


PL/SQL procedure successfully completed.

=== DBI Completed at 2025-01-07T23:12:24 for a duration of 1.34 seconds (started at 2025-01-07T23:12:23)
=== DBI Started: ODBCAPTURE/GRBTST_IMAGE.cldr

Disable Triggers and Foreign Keys

PL/SQL procedure successfully completed.


sqlldr_control=ODBCAPTURE/GRBTST_IMAGE.ctl


PL/SQL procedure successfully completed.

Decode Binary Data
------------------
2 "IMAGE" updates.

PL/SQL procedure successfully completed.


Commit complete.

=== DBI Completed at 2025-01-07T23:12:27 for a duration of 3.22 seconds (started at 2025-01-07T23:12:24)
=== DBI Started: ODBCAPTURE/ROLE_CONF.cldr

Disable Triggers and Foreign Keys
alter table "ODBCAPTURE"."ROLE_CONF" DISABLE constraint "ROLE_CONF_FK1";

PL/SQL procedure successfully completed.


sqlldr_control=ODBCAPTURE/ROLE_CONF.ctl


PL/SQL procedure successfully completed.

=== DBI Completed at 2025-01-07T23:12:28 for a duration of .62 seconds (started at 2025-01-07T23:12:27)
=== DBI Started: ODBCAPTURE/SCHEMA_CONF.cldr

Disable Triggers and Foreign Keys
alter table "ODBCAPTURE"."SCHEMA_CONF" DISABLE constraint "SCHEMA_CONF_FK1";

PL/SQL procedure successfully completed.


sqlldr_control=ODBCAPTURE/SCHEMA_CONF.ctl


PL/SQL procedure successfully completed.

=== DBI Completed at 2025-01-07T23:12:29 for a duration of .72 seconds (started at 2025-01-07T23:12:28)
=== DBI Started: ODBCAPTURE/TSPACE_CONF.cldr

Disable Triggers and Foreign Keys
alter table "ODBCAPTURE"."TSPACE_CONF" DISABLE constraint "TSPACE_CONF_FK1";

PL/SQL procedure successfully completed.


sqlldr_control=ODBCAPTURE/TSPACE_CONF.ctl


PL/SQL procedure successfully completed.

=== DBI Completed at 2025-01-07T23:12:29 for a duration of .4 seconds (started at 2025-01-07T23:12:29)
=== DBI Started: ./installation_finalize.sql

Drop Temp Publicly Updateable Table

Synonym dropped.


Table dropped.


fix_invalid_public_synonyms

Re-create Invalid Public Synonyms

PL/SQL procedure successfully completed.


compile_all
Compile All started
ODBCAPTURE Compiled.
ODBCTEST Compiled.
Compile All is done.

PL/SQL procedure successfully completed.


alter_foreign_keys_ENABLE
Alter Foreign Keys started.
  ENABLE 'ODBCAPTURE','ODBCTEST'
alter table "ODBCAPTURE"."BUILD_PATH" ENABLE constraint "BUILD_PATH_FK1";
alter table "ODBCAPTURE"."BUILD_PATH" ENABLE constraint "BUILD_PATH_FK2";
alter table "ODBCAPTURE"."DLOAD_CONF" ENABLE constraint "DLOAD_CONF_FK1";
alter table "ODBCAPTURE"."DLOAD_CONF" ENABLE constraint "DLOAD_CONF_FK2";
alter table "ODBCAPTURE"."OBJECT_CONF" ENABLE constraint "OBJECT_CONF_FK1";
alter table "ODBCAPTURE"."OBJECT_CONF" ENABLE constraint "OBJECT_CONF_FK2";
alter table "ODBCAPTURE"."OBJECT_CONF" ENABLE constraint "OBJECT_CONF_FK3";
alter table "ODBCAPTURE"."ROLE_CONF" ENABLE constraint "ROLE_CONF_FK1";
alter table "ODBCAPTURE"."SCHEMA_CONF" ENABLE constraint "SCHEMA_CONF_FK1";
alter table "ODBCAPTURE"."TSPACE_CONF" ENABLE constraint "TSPACE_CONF_FK1";
Alter Foreign Keys is done.

PL/SQL procedure successfully completed.


alter_triggers_ENABLE
Alter Triggers started.
  ENABLE 'ODBCAPTURE','ODBCTEST'
Alter Triggers is done.

PL/SQL procedure successfully completed.


update_id_sequences
Update ID Sequences started
Identity Sequence Updates is done.

PL/SQL procedure successfully completed.


Switch Spooling Off
