=== DBI Started: SYS/GRB_TEST_ROLE.role

Role created.

=== DBI Completed at 2025-01-18T15:13:02 for a duration of .04 seconds (started at 2025-01-18T15:13:01)
=== DBI Started: SYS/ODBCTEST.user

User created.

XS Admin Grant "ADMIN_ANY_SEC_POLICY" to "ODBCTEST"

PL/SQL procedure successfully completed.

XS Admin Cloud Grant "ADMIN_ANY_SEC_POLICY" to "ODBCTEST"

PL/SQL procedure successfully completed.

XS Admin Grant "PROVISION" to "ODBCTEST"

PL/SQL procedure successfully completed.

XS Admin Cloud Grant "PROVISION" to "ODBCTEST"

PL/SQL procedure successfully completed.

=== DBI Completed at 2025-01-18T15:13:02 for a duration of .18 seconds (started at 2025-01-18T15:13:02)
=== DBI Started: SYS/host1.hacl

PL/SQL procedure successfully completed.

=== DBI Completed at 2025-01-18T15:13:03 for a duration of 1.35 seconds (started at 2025-01-18T15:13:02)
=== DBI Started: SYS/host2.hacl

PL/SQL procedure successfully completed.


PL/SQL procedure successfully completed.

=== DBI Completed at 2025-01-18T15:13:04 for a duration of .82 seconds (started at 2025-01-18T15:13:03)
=== DBI Started: SYS/odbctest_host.hacl

PL/SQL procedure successfully completed.

=== DBI Completed at 2025-01-18T15:13:05 for a duration of .74 seconds (started at 2025-01-18T15:13:04)
=== DBI Started: SYS/_opt_install_files_oracle_wallet.wacl

PL/SQL procedure successfully completed.

=== DBI Completed at 2025-01-18T15:13:05 for a duration of .23 seconds (started at 2025-01-18T15:13:05)
=== DBI Started: SYS/_var_opt_install_files_oracle_wallet.wacl

PL/SQL procedure successfully completed.

=== DBI Completed at 2025-01-18T15:13:05 for a duration of .25 seconds (started at 2025-01-18T15:13:05)
