User "ODBCAPTURE" created.

Elapsed: 00:00:00.078


Grant succeeded.

Elapsed: 00:00:00.031


Grant succeeded.

Elapsed: 00:00:00.010


Grant succeeded.

Elapsed: 00:00:00.009


Grant succeeded.

Elapsed: 00:00:00.013


Grant succeeded.

Elapsed: 00:00:00.009


Grant succeeded.

Elapsed: 00:00:00.009


Grant succeeded.

Elapsed: 00:00:00.015


Grant succeeded.

Elapsed: 00:00:00.009


Grant succeeded.

Elapsed: 00:00:00.010


Grant succeeded.

Elapsed: 00:00:00.016


Grant succeeded.

Elapsed: 00:00:00.010


Grant succeeded.

Elapsed: 00:00:00.009


Grant succeeded.

Elapsed: 00:00:00.008


Grant succeeded.

Elapsed: 00:00:00.011


Grant succeeded.

Elapsed: 00:00:00.008


Grant succeeded.

Elapsed: 00:00:00.008


Grant succeeded.

Elapsed: 00:00:00.007


Grant succeeded.

Elapsed: 00:00:00.007


Grant succeeded.

Elapsed: 00:00:00.007


Grant succeeded.

Elapsed: 00:00:00.013


Grant succeeded.

Elapsed: 00:00:00.009


Grant succeeded.

Elapsed: 00:00:00.010


Grant succeeded.

Elapsed: 00:00:00.008


Grant succeeded.

Elapsed: 00:00:00.009


Grant succeeded.

Elapsed: 00:00:00.025


Grant succeeded.

Elapsed: 00:00:00.018


Grant succeeded.

Elapsed: 00:00:00.010


Grant succeeded.

Elapsed: 00:00:00.012


Grant succeeded.

Elapsed: 00:00:00.011


Grant succeeded.

Elapsed: 00:00:00.010


Grant succeeded.

Elapsed: 00:00:00.010


Grant succeeded.

Elapsed: 00:00:00.009


Grant succeeded.

Elapsed: 00:00:00.016


Grant succeeded.

Elapsed: 00:00:00.008


Grant succeeded.

Elapsed: 00:00:00.008


Grant succeeded.

Elapsed: 00:00:00.019


Grant succeeded.

Elapsed: 00:00:00.010


Grant succeeded.

Elapsed: 00:00:00.009


Grant succeeded.

Elapsed: 00:00:00.008


Grant succeeded.

Elapsed: 00:00:00.009


Grant succeeded.

Elapsed: 00:00:00.009


Grant succeeded.

Elapsed: 00:00:00.011


Grant succeeded.

Elapsed: 00:00:00.009


Grant succeeded.

Elapsed: 00:00:00.008


Grant succeeded.

Elapsed: 00:00:00.024


Grant succeeded.

Elapsed: 00:00:00.014


Grant succeeded.

Elapsed: 00:00:00.009


Grant succeeded.

Elapsed: 00:00:00.009


Grant succeeded.

Elapsed: 00:00:00.006


Grant succeeded.

Elapsed: 00:00:00.008


Grant succeeded.

Elapsed: 00:00:00.008


Grant succeeded.

Elapsed: 00:00:00.008


Grant succeeded.

Elapsed: 00:00:00.008


Grant succeeded.

Elapsed: 00:00:00.008


Grant succeeded.

Elapsed: 00:00:00.010


Grant succeeded.

Elapsed: 00:00:00.008


Grant succeeded.

Elapsed: 00:00:00.008


Grant succeeded.

Elapsed: 00:00:00.008


Grant succeeded.

Elapsed: 00:00:00.007


Grant succeeded.

Elapsed: 00:00:00.026


Grant succeeded.

Elapsed: 00:00:00.007


Grant succeeded.

Elapsed: 00:00:00.008


Grant succeeded.

Elapsed: 00:00:00.009


Grant succeeded.

Elapsed: 00:00:00.008


Grant succeeded.

Elapsed: 00:00:00.009


Grant succeeded.

Elapsed: 00:00:00.008


Grant succeeded.

Elapsed: 00:00:00.012


Grant succeeded.

Elapsed: 00:00:00.009


Grant succeeded.

Elapsed: 00:00:00.009


Grant succeeded.

Elapsed: 00:00:00.008


Grant succeeded.

Elapsed: 00:00:00.015


Grant succeeded.

Elapsed: 00:00:00.017


Grant succeeded.

Elapsed: 00:00:00.018


Grant succeeded.

Elapsed: 00:00:00.009


Grant succeeded.

Elapsed: 00:00:00.011


Grant succeeded.

Elapsed: 00:00:00.024


Grant succeeded.

Elapsed: 00:00:00.014


Grant succeeded.

Elapsed: 00:00:00.015


Grant succeeded.

Elapsed: 00:00:00.016


Grant succeeded.

Elapsed: 00:00:00.010


Grant succeeded.

Elapsed: 00:00:00.011


Grant succeeded.

Elapsed: 00:00:00.010


Grant succeeded.

Elapsed: 00:00:00.011


Grant succeeded.

Elapsed: 00:00:00.009


Grant succeeded.

Elapsed: 00:00:00.010


PL/SQL procedure successfully completed.

Elapsed: 00:00:00.013


PL/SQL procedure successfully completed.

Elapsed: 00:00:00.016


Grant succeeded.

Elapsed: 00:00:00.011


Grant succeeded.

Elapsed: 00:00:00.006


Grant succeeded.

Elapsed: 00:00:00.007


Grant succeeded.

Elapsed: 00:00:00.011


Grant succeeded.

Elapsed: 00:00:00.007


Grant succeeded.

Elapsed: 00:00:00.015


Grant succeeded.

Elapsed: 00:00:00.010


Grant succeeded.

Elapsed: 00:00:00.010


Table TEMP_PUBLICLY_UPDATEABLE_TABLE created.

Elapsed: 00:00:00.059


Grant succeeded.

Elapsed: 00:00:00.016


Synonym TEMP_PUBLICLY_UPDATEABLE_TABLE created.

Elapsed: 00:00:00.012


Package ODBCAPTURE.COMMON_UTIL compiled

LINE/COL  ERROR
--------- -------------------------------------------------------------
0/0       PL/SQL: Compilation unit analysis terminated
29/27     PLS-00201: identifier 'FH2.SF_PTR_TYPE' must be declared
Errors: check compiler log
Elapsed: 00:00:00.127


Package ODBCAPTURE.FH2 compiled

Elapsed: 00:00:00.042


Package ODBCAPTURE.GRAB_SCRIPTS compiled

LINE/COL  ERROR
--------- -------------------------------------------------------------
0/0       PL/SQL: Compilation unit analysis terminated
58/16     PLS-00201: identifier 'BUILD_CONF.BUILD_TYPE' must be declared
Errors: check compiler log
Elapsed: 00:00:00.016


Package ODBCAPTURE.ROOT_SCRIPTS compiled

Elapsed: 00:00:00.017


Package ODBCAPTURE.ZIP_UTIL_PKG compiled

Elapsed: 00:00:00.019


Table "ODBCAPTURE"."BUILD_CONF" created.

Elapsed: 00:00:00.015


Table "ODBCAPTURE"."BUILD_CONF" altered.

Elapsed: 00:00:00.029


Table "ODBCAPTURE"."BUILD_CONF" altered.

Elapsed: 00:00:00.019


Comment created.

Elapsed: 00:00:00.008


Comment created.

Elapsed: 00:00:00.007


Comment created.

Elapsed: 00:00:00.008


Comment created.

Elapsed: 00:00:00.007


Table "ODBCAPTURE"."BUILD_PATH" created.

Elapsed: 00:00:00.012


Table "ODBCAPTURE"."BUILD_PATH" altered.

Elapsed: 00:00:00.019


Table "ODBCAPTURE"."BUILD_PATH" altered.

Elapsed: 00:00:00.015


Comment created.

Elapsed: 00:00:00.007


Comment created.

Elapsed: 00:00:00.008


Comment created.

Elapsed: 00:00:00.008


Table "ODBCAPTURE"."BUILD_TYPE_TIMING" created.

Elapsed: 00:00:00.013


Comment created.

Elapsed: 00:00:00.007


Comment created.

Elapsed: 00:00:00.008


Comment created.

Elapsed: 00:00:00.008


Comment created.

Elapsed: 00:00:00.007


Table "ODBCAPTURE"."DBA_DEPENDENCIES_TAB" created.

Elapsed: 00:00:00.012


Table "ODBCAPTURE"."DBA_OBJECTS_TAB" created.

Elapsed: 00:00:00.011


Table "ODBCAPTURE"."DBA_TAB_PRIVS_TAB" created.

Elapsed: 00:00:00.012


Table "ODBCAPTURE"."DLOAD_CONF" created.

Elapsed: 00:00:00.013


Table "ODBCAPTURE"."DLOAD_CONF" altered.

Elapsed: 00:00:00.022


Comment created.

Elapsed: 00:00:00.008


Comment created.

Elapsed: 00:00:00.007


Comment created.

Elapsed: 00:00:00.008


Comment created.

Elapsed: 00:00:00.007


Comment created.

Elapsed: 00:00:00.008


Comment created.

Elapsed: 00:00:00.007


Comment created.

Elapsed: 00:00:00.008


Comment created.

Elapsed: 00:00:00.007


Comment created.

Elapsed: 00:00:00.007


Comment created.

Elapsed: 00:00:00.007


Table "ODBCAPTURE"."ELEMENT_CONF" created.

Elapsed: 00:00:00.012


Table "ODBCAPTURE"."ELEMENT_CONF" altered.

Elapsed: 00:00:00.019


Table "ODBCAPTURE"."ELEMENT_CONF" altered.

Elapsed: 00:00:00.018


Comment created.

Elapsed: 00:00:00.007


Comment created.

Elapsed: 00:00:00.010


Comment created.

Elapsed: 00:00:00.008


Comment created.

Elapsed: 00:00:00.007


Comment created.

Elapsed: 00:00:00.007


Comment created.

Elapsed: 00:00:00.007


Comment created.

Elapsed: 00:00:00.007


Comment created.

Elapsed: 00:00:00.007


Comment created.

Elapsed: 00:00:00.007


Table "ODBCAPTURE"."METADATA_TRANSFORM_PARAMS" created.

Elapsed: 00:00:00.012


Table "ODBCAPTURE"."METADATA_TRANSFORM_PARAMS" altered.

Elapsed: 00:00:00.015


Table "ODBCAPTURE"."METADATA_TRANSFORM_PARAMS" altered.

Elapsed: 00:00:00.019


Comment created.

Elapsed: 00:00:00.007


Comment created.

Elapsed: 00:00:00.007


Comment created.

Elapsed: 00:00:00.007


Comment created.

Elapsed: 00:00:00.007


Table "ODBCAPTURE"."OBJECT_CONF" created.

Elapsed: 00:00:00.013


Table "ODBCAPTURE"."OBJECT_CONF" altered.

Elapsed: 00:00:00.020


Table "ODBCAPTURE"."OBJECT_CONF" altered.

Elapsed: 00:00:00.015


Comment created.

Elapsed: 00:00:00.007


Comment created.

Elapsed: 00:00:00.007


Comment created.

Elapsed: 00:00:00.007


Comment created.

Elapsed: 00:00:00.008


Comment created.

Elapsed: 00:00:00.007


Comment created.

Elapsed: 00:00:00.008


Table "ODBCAPTURE"."OBJ_INSTALL_COMMENTS_TAB" created.

Elapsed: 00:00:00.011


Table "ODBCAPTURE"."OBJ_INSTALL_CONTEXT_TAB" created.

Elapsed: 00:00:00.012


Table "ODBCAPTURE"."OBJ_INSTALL_DATA_LOAD_TAB" created.

Elapsed: 00:00:00.013


Table "ODBCAPTURE"."OBJ_INSTALL_FKEY_TAB" created.

Elapsed: 00:00:00.012


Table "ODBCAPTURE"."OBJ_INSTALL_INDEX_TAB" created.

Elapsed: 00:00:00.014


Table "ODBCAPTURE"."OBJ_INSTALL_OBJECT_TAB" created.

Elapsed: 00:00:00.011


Table "ODBCAPTURE"."OBJ_INSTALL_SYNONYM_TAB" created.

Elapsed: 00:00:00.011


Table "ODBCAPTURE"."OBJ_INSTALL_TRIGGER_TAB" created.

Elapsed: 00:00:00.011


Table "ODBCAPTURE"."ROLE_CONF" created.

Elapsed: 00:00:00.011


Table "ODBCAPTURE"."ROLE_CONF" altered.

Elapsed: 00:00:00.019


Table "ODBCAPTURE"."ROLE_CONF" altered.

Elapsed: 00:00:00.015


Comment created.

Elapsed: 00:00:00.008


Comment created.

Elapsed: 00:00:00.007


Comment created.

Elapsed: 00:00:00.008


Comment created.

Elapsed: 00:00:00.007


Comment created.

Elapsed: 00:00:00.008


Table "ODBCAPTURE"."SCHEMA_CONF" created.

Elapsed: 00:00:00.012


Table "ODBCAPTURE"."SCHEMA_CONF" altered.

Elapsed: 00:00:00.016


Table "ODBCAPTURE"."SCHEMA_CONF" altered.

Elapsed: 00:00:00.018


Table "ODBCAPTURE"."SCHEMA_CONF" altered.

Elapsed: 00:00:00.015


Comment created.

Elapsed: 00:00:00.008


Comment created.

Elapsed: 00:00:00.008


Comment created.

Elapsed: 00:00:00.008


Comment created.

Elapsed: 00:00:00.008


Comment created.

Elapsed: 00:00:00.008


Comment created.

Elapsed: 00:00:00.007


Comment created.

Elapsed: 00:00:00.007


Comment created.

Elapsed: 00:00:00.008


Comment created.

Elapsed: 00:00:00.007


Table "ODBCAPTURE"."SCHEMA_OBJECTS_TAB" created.

Elapsed: 00:00:00.017


Table "ODBCAPTURE"."TSPACE_CONF" created.

Elapsed: 00:00:00.012


Table "ODBCAPTURE"."TSPACE_CONF" altered.

Elapsed: 00:00:00.020


Comment created.

Elapsed: 00:00:00.007


Comment created.

Elapsed: 00:00:00.008


Comment created.

Elapsed: 00:00:00.007


Comment created.

Elapsed: 00:00:00.007


Table "ODBCAPTURE"."ZIP_FILES" created.

Elapsed: 00:00:00.012


Table "ODBCAPTURE"."ZIP_FILES" altered.

Elapsed: 00:00:00.019


Error starting at line 1531 Unknown Command
Error at Line: 1531 Column: 0


Error starting at line 1536 Unknown Command
Error at Line: 1536 Column: 0


Error starting at line 1541 Unknown Command
Error at Line: 1541 Column: 0


Error starting at line 1546 Unknown Command
Error at Line: 1546 Column: 0


Error starting at line 1551 Unknown Command
Error at Line: 1551 Column: 0


Error starting at line 1556 Unknown Command
Error at Line: 1556 Column: 0


Error starting at line 1561 Unknown Command
Error at Line: 1561 Column: 0


Index "ODBCAPTURE"."DBA_DEPENDENCIES_TAB_IDX2" created.

Elapsed: 00:00:00.018


Index "ODBCAPTURE"."DBA_DEPENDENCIES_TAB_IX1" created.

Elapsed: 00:00:00.014


Index "ODBCAPTURE"."DBA_OBJECTS_TAB_IX1" created.

Elapsed: 00:00:00.016


Index "ODBCAPTURE"."DBA_TAB_PRIVS_TAB_IX1" created.

Elapsed: 00:00:00.015


Index "ODBCAPTURE"."OBJ_INSTALL_COMMENTS_TAB_IX1" created.

Elapsed: 00:00:00.016


Index "ODBCAPTURE"."OBJ_INSTALL_CONTEXT_TAB_IX1" created.

Elapsed: 00:00:00.016


Index "ODBCAPTURE"."OBJ_INSTALL_DATA_LOAD_TAB_IX1" created.

Elapsed: 00:00:00.015


Index "ODBCAPTURE"."OBJ_INSTALL_FKEY_TAB_IX1" created.

Elapsed: 00:00:00.017


Index "ODBCAPTURE"."OBJ_INSTALL_INDEX_TAB_IX1" created.

Elapsed: 00:00:00.016


Index "ODBCAPTURE"."OBJ_INSTALL_OBJECT_TAB_IX1" created.

Elapsed: 00:00:00.017


Index "ODBCAPTURE"."OBJ_INSTALL_SYNONYM_TAB_IX1" created.

Elapsed: 00:00:00.016


Index "ODBCAPTURE"."OBJ_INSTALL_SYNONYM_TAB_IX2" created.

Elapsed: 00:00:00.014


Index "ODBCAPTURE"."OBJ_INSTALL_TRIGGER_TAB_IX1" created.

Elapsed: 00:00:00.016


Index "ODBCAPTURE"."OBJ_INSTALL_TRIGGER_TAB_IX2" created.

Elapsed: 00:00:00.014


View "ODBCAPTURE"."AQ_SYSTEM_PRIVS_VW" created.

Elapsed: 00:00:00.012


View "ODBCAPTURE"."AQ_SYSTEM_PRIVS_VW" created.

Elapsed: 00:00:00.024


View "ODBCAPTURE"."BUILD_PATH_REVIEW" created.

Elapsed: 00:00:00.011


View "ODBCAPTURE"."BUILD_PATH_REVIEW" created.

Elapsed: 00:00:00.014


View "ODBCAPTURE"."DBA_DEPENDENCIES_VIEW" created.

Elapsed: 00:00:00.009


View "ODBCAPTURE"."DBA_DEPENDENCIES_VIEW" created.

Elapsed: 00:00:00.020


View "ODBCAPTURE"."DBA_OBJECTS_VIEW" created.

Elapsed: 00:00:00.012


View "ODBCAPTURE"."DBA_OBJECTS_VIEW" created.

Elapsed: 00:00:00.098


View "ODBCAPTURE"."DBA_TAB_PRIVS_VIEW" created.

Elapsed: 00:00:00.011


View "ODBCAPTURE"."DBA_TAB_PRIVS_VIEW" created.

Elapsed: 00:00:00.013


View "ODBCAPTURE"."OBJ_INSTALL_COMMENTS_VIEW" created.

Elapsed: 00:00:00.010


View "ODBCAPTURE"."OBJ_INSTALL_COMMENTS_VIEW" created.

Elapsed: 00:00:00.021


View "ODBCAPTURE"."OBJ_INSTALL_CONTEXT_VIEW" created.

Elapsed: 00:00:00.010


View "ODBCAPTURE"."OBJ_INSTALL_CONTEXT_VIEW" created.

Elapsed: 00:00:00.042


View "ODBCAPTURE"."OBJ_INSTALL_DATA_LOAD_VIEW" created.

Elapsed: 00:00:00.012


View "ODBCAPTURE"."OBJ_INSTALL_DATA_LOAD_VIEW" created.

Elapsed: 00:00:00.018


View "ODBCAPTURE"."OBJ_INSTALL_FKEY_VIEW" created.

Elapsed: 00:00:00.010


View "ODBCAPTURE"."OBJ_INSTALL_FKEY_VIEW" created.

Elapsed: 00:00:00.036


View "ODBCAPTURE"."OBJ_INSTALL_INDEX_VIEW" created.

Elapsed: 00:00:00.011


View "ODBCAPTURE"."OBJ_INSTALL_INDEX_VIEW" created.

Elapsed: 00:00:00.020


View "ODBCAPTURE"."OBJ_INSTALL_OBJECT_VIEW" created.

Elapsed: 00:00:00.010


View "ODBCAPTURE"."OBJ_INSTALL_OBJECT_VIEW" created.

Elapsed: 00:00:00.051


View "ODBCAPTURE"."OBJ_INSTALL_SYNONYM_VIEW" created.

Elapsed: 00:00:00.011


View "ODBCAPTURE"."OBJ_INSTALL_SYNONYM_VIEW" created.

Elapsed: 00:00:00.017


View "ODBCAPTURE"."OBJ_INSTALL_TRIGGER_VIEW" created.

Elapsed: 00:00:00.011


View "ODBCAPTURE"."OBJ_INSTALL_TRIGGER_VIEW" created.

Elapsed: 00:00:00.028


View "ODBCAPTURE"."PRIV_OBJ_DIR_VIEW" created.

Elapsed: 00:00:00.010


View "ODBCAPTURE"."PRIV_OBJ_DIR_VIEW" created.

Elapsed: 00:00:00.016


View "ODBCAPTURE"."PRIV_OBJ_HACL_VIEW" created.

Elapsed: 00:00:00.010


View "ODBCAPTURE"."PRIV_OBJ_HACL_VIEW" created.

Elapsed: 00:00:00.018


View "ODBCAPTURE"."PRIV_OBJ_INSTALL_VW" created.

Elapsed: 00:00:00.010


View "ODBCAPTURE"."PRIV_OBJ_INSTALL_VW" created.

Elapsed: 00:00:00.013


View "ODBCAPTURE"."PRIV_OBJ_QUEUE_VIEW" created.

Elapsed: 00:00:00.011


View "ODBCAPTURE"."PRIV_OBJ_QUEUE_VIEW" created.

Elapsed: 00:00:00.020


View "ODBCAPTURE"."PRIV_OBJ_WACL_VIEW" created.

Elapsed: 00:00:00.011


View "ODBCAPTURE"."PRIV_OBJ_WACL_VIEW" created.

Elapsed: 00:00:00.015


View "ODBCAPTURE"."PRIV_QUEUE_REGISTER_VIEW" created.

Elapsed: 00:00:00.011


View "ODBCAPTURE"."PRIV_QUEUE_REGISTER_VIEW" created.

Elapsed: 00:00:00.016


View "ODBCAPTURE"."PRIV_QUEUE_SUBSCRIBE_VIEW" created.

Elapsed: 00:00:00.011


View "ODBCAPTURE"."PRIV_QUEUE_SUBSCRIBE_VIEW" created.

Elapsed: 00:00:00.019


View "ODBCAPTURE"."PRIV_QUEUE_SYSPRIVS_VIEW" created.

Elapsed: 00:00:00.011


View "ODBCAPTURE"."PRIV_QUEUE_SYSPRIVS_VIEW" created.

Elapsed: 00:00:00.015


View "ODBCAPTURE"."PRIV_ROLE_PRIVILEGES_VIEW" created.

Elapsed: 00:00:00.009


View "ODBCAPTURE"."PRIV_ROLE_PRIVILEGES_VIEW" created.

Elapsed: 00:00:00.013


View "ODBCAPTURE"."PRIV_SYSOBJ_PRIVILEGES_VIEW" created.

Elapsed: 00:00:00.010


View "ODBCAPTURE"."PRIV_SYSOBJ_PRIVILEGES_VIEW" created.

Elapsed: 00:00:00.015


View "ODBCAPTURE"."PRIV_SYSTEM_PRIVILEGES_VIEW" created.

Elapsed: 00:00:00.011


View "ODBCAPTURE"."PRIV_SYSTEM_PRIVILEGES_VIEW" created.

Elapsed: 00:00:00.015


View "ODBCAPTURE"."UOR_INSTALL_VIEW" created.

Elapsed: 00:00:00.010


View "ODBCAPTURE"."UOR_INSTALL_VIEW" created.

Elapsed: 00:00:00.014


Package Body ODBCAPTURE.COMMON_UTIL compiled

Elapsed: 00:00:00.129


Package Body ODBCAPTURE.FH2 compiled

Elapsed: 00:00:00.081


Package Body ODBCAPTURE.GRAB_SCRIPTS compiled

Elapsed: 00:00:00.630


Package Body ODBCAPTURE.ROOT_SCRIPTS compiled

LINE/COL  ERROR
--------- -------------------------------------------------------------
159/5     PLS-00113: END identifier 'INSTALLATION_FINALIZE_SQL' must match 'DBI_SQL' at line 30, column 10
455/5     PLS-00113: END identifier 'SET_USER_AUTHENTICATION_SQL' must match 'REPORT_STATUS_SQL' at line 350, column 10
Errors: check compiler log
Elapsed: 00:00:00.022


Package Body ODBCAPTURE.ZIP_UTIL_PKG compiled

Elapsed: 00:00:00.060


Table "ODBCAPTURE"."BUILD_PATH" altered.

Elapsed: 00:00:00.020


Table "ODBCAPTURE"."BUILD_PATH" altered.

Elapsed: 00:00:00.021


Table "ODBCAPTURE"."DLOAD_CONF" altered.

Elapsed: 00:00:00.021


Table "ODBCAPTURE"."DLOAD_CONF" altered.

Elapsed: 00:00:00.024


Table "ODBCAPTURE"."OBJECT_CONF" altered.

Elapsed: 00:00:00.020


Table "ODBCAPTURE"."OBJECT_CONF" altered.

Elapsed: 00:00:00.020


Table "ODBCAPTURE"."OBJECT_CONF" altered.

Elapsed: 00:00:00.020


Table "ODBCAPTURE"."ROLE_CONF" altered.

Elapsed: 00:00:00.020


Table "ODBCAPTURE"."SCHEMA_CONF" altered.

Elapsed: 00:00:00.021


Table "ODBCAPTURE"."TSPACE_CONF" altered.

Elapsed: 00:00:00.019


Synonym TEMP_PUBLICLY_UPDATEABLE_TABLE dropped.

Elapsed: 00:00:00.018


Table TEMP_PUBLICLY_UPDATEABLE_TABLE dropped.

Elapsed: 00:00:00.021