=== DBI Started: ./installation_prepare.sql

Create Temp Publicly Updateable Table

Table created.


Grant succeeded.


Synonym created.


Check for Prerequisite BUILD_TYPEs
Prerequisite BUILD_TYPEs for "grbtst"
WARNING: Prerequisite BUILD_TYPE "grbendp" not found in ODBCAPTURE_INSTALLATION_LOGS table.
 -) "grbjava" last loaded on 07-Jan-2025 03:23:14
 -) "grbras" last loaded on 07-Jan-2025 03:23:04
 -) "grbsdo" last loaded on 07-Jan-2025 03:23:25
 -) "grbsrc" last loaded on 07-Jan-2025 03:22:50
 -) "grbxrep" last loaded on 07-Jan-2025 03:23:35

PL/SQL procedure successfully completed.

=== DBI Completed at 2025-01-07T03:23:51 for a duration of .18 seconds (started at 2025-01-07T03:23:51)
=== DBI Started: ODBCAPTURE/GRBTST__NAME.tbl

Table created.


Grant succeeded.


Grant succeeded.


Grant succeeded.


Grant succeeded.

=== DBI Completed at 2025-01-07T03:23:51 for a duration of .26 seconds (started at 2025-01-07T03:23:51)
=== DBI Started: ODBCAPTURE/GRBTST_IMAGE.tbl

Table created.

=== DBI Completed at 2025-01-07T03:23:51 for a duration of .07 seconds (started at 2025-01-07T03:23:51)
=== DBI Started: ODBCAPTURE/BUILD_CONF.cldr

Disable Triggers and Foreign Keys

PL/SQL procedure successfully completed.


sqlldr_control=ODBCAPTURE/BUILD_CONF.ctl


PL/SQL procedure successfully completed.

=== DBI Completed at 2025-01-07T03:23:52 for a duration of .72 seconds (started at 2025-01-07T03:23:51)
=== DBI Started: ODBCAPTURE/BUILD_PATH.cldr

Disable Triggers and Foreign Keys
alter table "ODBCAPTURE"."BUILD_PATH" DISABLE constraint "BUILD_PATH_FK1";
alter table "ODBCAPTURE"."BUILD_PATH" DISABLE constraint "BUILD_PATH_FK2";

PL/SQL procedure successfully completed.


sqlldr_control=ODBCAPTURE/BUILD_PATH.ctl


PL/SQL procedure successfully completed.

=== DBI Completed at 2025-01-07T03:23:53 for a duration of .75 seconds (started at 2025-01-07T03:23:52)
=== DBI Started: ODBCAPTURE/GRBTST__NAME.cldr

Disable Triggers and Foreign Keys

PL/SQL procedure successfully completed.


sqlldr_control=ODBCAPTURE/GRBTST__NAME.ctl


PL/SQL procedure successfully completed.

=== DBI Completed at 2025-01-07T03:23:56 for a duration of 2.91 seconds (started at 2025-01-07T03:23:53)
=== DBI Started: ODBCAPTURE/GRBTST_IMAGE.cldr

Disable Triggers and Foreign Keys

PL/SQL procedure successfully completed.


sqlldr_control=ODBCAPTURE/GRBTST_IMAGE.ctl


PL/SQL procedure successfully completed.

Decode Binary Data
------------------
2 "IMAGE" updates.

PL/SQL procedure successfully completed.


Commit complete.

=== DBI Completed at 2025-01-07T03:23:59 for a duration of 2.73 seconds (started at 2025-01-07T03:23:56)
=== DBI Started: ODBCAPTURE/ROLE_CONF.cldr

Disable Triggers and Foreign Keys
alter table "ODBCAPTURE"."ROLE_CONF" DISABLE constraint "ROLE_CONF_FK1";

PL/SQL procedure successfully completed.


sqlldr_control=ODBCAPTURE/ROLE_CONF.ctl


PL/SQL procedure successfully completed.

=== DBI Completed at 2025-01-07T03:23:59 for a duration of .73 seconds (started at 2025-01-07T03:23:59)
=== DBI Started: ODBCAPTURE/SCHEMA_CONF.cldr

Disable Triggers and Foreign Keys
alter table "ODBCAPTURE"."SCHEMA_CONF" DISABLE constraint "SCHEMA_CONF_FK1";

PL/SQL procedure successfully completed.


sqlldr_control=ODBCAPTURE/SCHEMA_CONF.ctl


PL/SQL procedure successfully completed.

=== DBI Completed at 2025-01-07T03:24:01 for a duration of 1.33 seconds (started at 2025-01-07T03:23:59)
=== DBI Started: ODBCAPTURE/TSPACE_CONF.cldr

Disable Triggers and Foreign Keys
alter table "ODBCAPTURE"."TSPACE_CONF" DISABLE constraint "TSPACE_CONF_FK1";

PL/SQL procedure successfully completed.


sqlldr_control=ODBCAPTURE/TSPACE_CONF.ctl


PL/SQL procedure successfully completed.

=== DBI Completed at 2025-01-07T03:24:02 for a duration of .83 seconds (started at 2025-01-07T03:24:01)
=== DBI Started: ./installation_finalize.sql

Drop Temp Publicly Updateable Table

Synonym dropped.


Table dropped.


fix_invalid_public_synonyms

Re-create Invalid Public Synonyms

PL/SQL procedure successfully completed.


compile_all
Compile All started
ODBCAPTURE Compiled.
ODBCTEST Compiled.
Compile All is done.

PL/SQL procedure successfully completed.


alter_foreign_keys_ENABLE
Alter Foreign Keys started.
  ENABLE 'ODBCAPTURE','ODBCTEST'
alter table "ODBCAPTURE"."BUILD_PATH" ENABLE constraint "BUILD_PATH_FK1";
alter table "ODBCAPTURE"."BUILD_PATH" ENABLE constraint "BUILD_PATH_FK2";
alter table "ODBCAPTURE"."DLOAD_CONF" ENABLE constraint "DLOAD_CONF_FK1";
alter table "ODBCAPTURE"."DLOAD_CONF" ENABLE constraint "DLOAD_CONF_FK2";
alter table "ODBCAPTURE"."OBJECT_CONF" ENABLE constraint "OBJECT_CONF_FK1";
alter table "ODBCAPTURE"."OBJECT_CONF" ENABLE constraint "OBJECT_CONF_FK2";
alter table "ODBCAPTURE"."OBJECT_CONF" ENABLE constraint "OBJECT_CONF_FK3";
alter table "ODBCAPTURE"."ROLE_CONF" ENABLE constraint "ROLE_CONF_FK1";
alter table "ODBCAPTURE"."SCHEMA_CONF" ENABLE constraint "SCHEMA_CONF_FK1";
alter table "ODBCAPTURE"."TSPACE_CONF" ENABLE constraint "TSPACE_CONF_FK1";
Alter Foreign Keys is done.

PL/SQL procedure successfully completed.


alter_triggers_ENABLE
Alter Triggers started.
  ENABLE 'ODBCAPTURE','ODBCTEST'
Alter Triggers is done.

PL/SQL procedure successfully completed.


update_id_sequences
Update ID Sequences started
Identity Sequence Updates is done.

PL/SQL procedure successfully completed.


Switch Spooling Off
