=== DBI Started: ./installation_prepare.sql

Create Temp Publicly Updateable Table

Table created.


Grant succeeded.


Synonym created.


Check for Prerequisite BUILD_TYPEs
Prerequisite BUILD_TYPEs for "grbtst"
WARNING: Prerequisite BUILD_TYPE "grbendp" not found in ODBCAPTURE_INSTALLATION_LOGS table.
 -) "grbjava" last loaded on 18-Jan-2025 01:04:51
 -) "grbras" last loaded on 18-Jan-2025 01:04:44
 -) "grbsdo" last loaded on 18-Jan-2025 01:04:58
 -) "grbsrc" last loaded on 18-Jan-2025 01:04:32
 -) "grbxrep" last loaded on 18-Jan-2025 01:05:06

PL/SQL procedure successfully completed.

=== DBI Completed at 2025-01-18T01:05:23 for a duration of .13 seconds (started at 2025-01-18T01:05:23)
=== DBI Started: ODBCAPTURE/GRBTST__NAME.tbl

Table created.


Grant succeeded.


Grant succeeded.


Grant succeeded.


Grant succeeded.

=== DBI Completed at 2025-01-18T01:05:23 for a duration of .11 seconds (started at 2025-01-18T01:05:23)
=== DBI Started: ODBCAPTURE/GRBTST_IMAGE.tbl

Table created.

=== DBI Completed at 2025-01-18T01:05:24 for a duration of .04 seconds (started at 2025-01-18T01:05:23)
=== DBI Started: ODBCAPTURE/GRBTST__NAME.cldr

Disable Triggers and Foreign Keys

PL/SQL procedure successfully completed.


sqlldr_control=ODBCAPTURE/GRBTST__NAME.ctl


PL/SQL procedure successfully completed.

=== DBI Completed at 2025-01-18T01:05:25 for a duration of 1.41 seconds (started at 2025-01-18T01:05:24)
=== DBI Started: ODBCAPTURE/GRBTST_IMAGE.cldr

Disable Triggers and Foreign Keys

PL/SQL procedure successfully completed.


sqlldr_control=ODBCAPTURE/GRBTST_IMAGE.ctl


PL/SQL procedure successfully completed.

Decode Binary Data
------------------
2 "IMAGE" updates.

PL/SQL procedure successfully completed.


Commit complete.

=== DBI Completed at 2025-01-18T01:05:27 for a duration of 1.67 seconds (started at 2025-01-18T01:05:25)
=== DBI Started: ODBCAPTURE/TSPACE_CONF.cldr

Disable Triggers and Foreign Keys
alter table "ODBCAPTURE"."TSPACE_CONF" DISABLE constraint "TSPACE_CONF_FK1";

PL/SQL procedure successfully completed.


sqlldr_control=ODBCAPTURE/TSPACE_CONF.ctl


PL/SQL procedure successfully completed.

=== DBI Completed at 2025-01-18T01:05:28 for a duration of 1.22 seconds (started at 2025-01-18T01:05:27)
=== DBI Started: ./installation_finalize.sql

Drop Temp Publicly Updateable Table

Synonym dropped.


Table dropped.


fix_invalid_public_synonyms

Re-create Invalid Public Synonyms

PL/SQL procedure successfully completed.


compile_all
Compile All started
ODBCAPTURE Compiled.
ODBCTEST Compiled.
Compile All is done.

PL/SQL procedure successfully completed.


alter_foreign_keys_ENABLE
Alter Foreign Keys started.
  ENABLE 'ODBCAPTURE','ODBCTEST'
alter table "ODBCAPTURE"."BUILD_PATH" ENABLE constraint "BUILD_PATH_FK1";
alter table "ODBCAPTURE"."BUILD_PATH" ENABLE constraint "BUILD_PATH_FK2";
alter table "ODBCAPTURE"."DLOAD_CONF" ENABLE constraint "DLOAD_CONF_FK1";
alter table "ODBCAPTURE"."DLOAD_CONF" ENABLE constraint "DLOAD_CONF_FK2";
alter table "ODBCAPTURE"."OBJECT_CONF" ENABLE constraint "OBJECT_CONF_FK1";
alter table "ODBCAPTURE"."OBJECT_CONF" ENABLE constraint "OBJECT_CONF_FK2";
alter table "ODBCAPTURE"."OBJECT_CONF" ENABLE constraint "OBJECT_CONF_FK3";
alter table "ODBCAPTURE"."ROLE_CONF" ENABLE constraint "ROLE_CONF_FK1";
alter table "ODBCAPTURE"."SCHEMA_CONF" ENABLE constraint "SCHEMA_CONF_FK1";
alter table "ODBCAPTURE"."TSPACE_CONF" ENABLE constraint "TSPACE_CONF_FK1";
Alter Foreign Keys is done.

PL/SQL procedure successfully completed.


alter_triggers_ENABLE
Alter Triggers started.
  ENABLE 'ODBCAPTURE','ODBCTEST'
Alter Triggers is done.

PL/SQL procedure successfully completed.


update_id_sequences
Update ID Sequences started
Identity Sequence Updates is done.

PL/SQL procedure successfully completed.


Switch Spooling Off
