=== DBI Started: SYS/GRB_TEST_ROLE.role

Role created.

=== DBI Completed at 2024-12-21T10:04:43 for a duration of .25 seconds (started at 2024-12-21T10:04:43)
=== DBI Started: SYS/ODBCTEST.user

User created.

XS Admin Grant "ADMIN_ANY_SEC_POLICY" to "ODBCTEST"

PL/SQL procedure successfully completed.

XS Admin Cloud Grant "ADMIN_ANY_SEC_POLICY" to "ODBCTEST"

PL/SQL procedure successfully completed.

XS Admin Grant "PROVISION" to "ODBCTEST"

PL/SQL procedure successfully completed.

XS Admin Cloud Grant "PROVISION" to "ODBCTEST"

PL/SQL procedure successfully completed.

=== DBI Completed at 2024-12-21T10:04:44 for a duration of .19 seconds (started at 2024-12-21T10:04:43)
=== DBI Started: SYS/host1.hacl

PL/SQL procedure successfully completed.

=== DBI Completed at 2024-12-21T10:04:44 for a duration of .3 seconds (started at 2024-12-21T10:04:44)
=== DBI Started: SYS/host2.hacl

PL/SQL procedure successfully completed.


PL/SQL procedure successfully completed.

=== DBI Completed at 2024-12-21T10:04:44 for a duration of .11 seconds (started at 2024-12-21T10:04:44)
=== DBI Started: SYS/odbctest_host.hacl

PL/SQL procedure successfully completed.

=== DBI Completed at 2024-12-21T10:04:44 for a duration of .1 seconds (started at 2024-12-21T10:04:44)
=== DBI Started: SYS/_opt_install_files_oracle_wallet.wacl

PL/SQL procedure successfully completed.

=== DBI Completed at 2024-12-21T10:04:44 for a duration of .06 seconds (started at 2024-12-21T10:04:44)
=== DBI Started: SYS/_var_opt_install_files_oracle_wallet.wacl

PL/SQL procedure successfully completed.

=== DBI Completed at 2024-12-21T10:04:44 for a duration of .05 seconds (started at 2024-12-21T10:04:44)
