=== DBI Started: ./installation_prepare.sql

Create Temp Publicly Updateable Table

Table created.


Grant succeeded.


Synonym created.


Check for Prerequisite BUILD_TYPEs
Prerequisite BUILD_TYPEs for "grbtctx"
WARNING: Prerequisite BUILD_TYPE "grbendp" not found in ODBCAPTURE_INSTALLATION_LOGS table.
WARNING: Prerequisite BUILD_TYPE "grbjava" not found in ODBCAPTURE_INSTALLATION_LOGS table.
 -) "grbras" last loaded on 18-Jan-2025 16:08:31
 -) "grbsdo" last loaded on 18-Jan-2025 16:08:39
 -) "grbsrc" last loaded on 18-Jan-2025 16:08:20
 -) "grbtst" last loaded on 18-Jan-2025 16:09:09
WARNING: Prerequisite BUILD_TYPE "grbxrep" not found in ODBCAPTURE_INSTALLATION_LOGS table.

PL/SQL procedure successfully completed.

=== DBI Completed at 2025-01-18T16:09:31 for a duration of .14 seconds (started at 2025-01-18T16:09:31)
=== DBI Started: ODBCTEST/CUST_CTX_TEST.tbl

Table created.

=== DBI Completed at 2025-01-18T16:09:31 for a duration of .04 seconds (started at 2025-01-18T16:09:31)
=== DBI Started: ODBCTEST/CUST_CTX_TEST.cldr

Disable Triggers and Foreign Keys

PL/SQL procedure successfully completed.


sqlldr_control=ODBCTEST/CUST_CTX_TEST.ctl


PL/SQL procedure successfully completed.

=== DBI Completed at 2025-01-18T16:09:34 for a duration of 2.36 seconds (started at 2025-01-18T16:09:31)
=== DBI Started: ODBCTEST/CUST_CTX_TEST.tidx

Index created.

=== DBI Completed at 2025-01-18T16:09:49 for a duration of 15.28 seconds (started at 2025-01-18T16:09:34)
=== DBI Started: ./installation_finalize.sql

Drop Temp Publicly Updateable Table

Synonym dropped.


Table dropped.


fix_invalid_public_synonyms

Re-create Invalid Public Synonyms

PL/SQL procedure successfully completed.


compile_all
Compile All started
ODBCTEST Compiled.
Compile All is done.

PL/SQL procedure successfully completed.


alter_foreign_keys_ENABLE
Alter Foreign Keys started.
  ENABLE 'ODBCTEST'
Alter Foreign Keys is done.

PL/SQL procedure successfully completed.


alter_triggers_ENABLE
Alter Triggers started.
  ENABLE 'ODBCTEST'
Alter Triggers is done.

PL/SQL procedure successfully completed.


update_id_sequences
Update ID Sequences started
Identity Sequence Updates is done.

PL/SQL procedure successfully completed.


Switch Spooling Off
