=== DBI Started: ./installation_prepare.sql

Create Temp Publicly Updateable Table

Table created.


Grant succeeded.


Synonym created.


Check for Prerequisite BUILD_TYPEs
Prerequisite BUILD_TYPEs for "grbtsdo"
WARNING: Prerequisite BUILD_TYPE "grbendp" not found in ODBCAPTURE_INSTALLATION_LOGS table.
 -) "grbjava" last loaded on 18-Jan-2025 16:34:20
WARNING: Prerequisite BUILD_TYPE "grbras" not found in ODBCAPTURE_INSTALLATION_LOGS table.
 -) "grbsdo" last loaded on 18-Jan-2025 16:34:24
 -) "grbsrc" last loaded on 18-Jan-2025 16:34:17
 -) "grbtst" last loaded on 18-Jan-2025 16:34:41
 -) "grbxrep" last loaded on 18-Jan-2025 16:34:26

PL/SQL procedure successfully completed.

=== DBI Completed at 2025-01-18T16:35:02 for a duration of .12 seconds (started at 2025-01-18T16:35:02)
=== DBI Started: ODBCTEST/SDO_COLA_MARKETS.tbl

Table created.


Table altered.

=== DBI Completed at 2025-01-18T16:35:03 for a duration of .24 seconds (started at 2025-01-18T16:35:02)
=== DBI Started: ODBCTEST/SDO_COLA_MARKETS.cldr

Disable Triggers and Foreign Keys

PL/SQL procedure successfully completed.


sqlldr_control=ODBCTEST/SDO_COLA_MARKETS.ctl


PL/SQL procedure successfully completed.

=== DBI Completed at 2025-01-18T16:35:05 for a duration of 1.82 seconds (started at 2025-01-18T16:35:03)
=== DBI Started: ODBCTEST/SDO_COLA_MARKETS.tidx
=== DBI Completed at 2025-01-18T16:35:05 for a duration of .01 seconds (started at 2025-01-18T16:35:05)
=== DBI Started: ./installation_finalize.sql

Drop Temp Publicly Updateable Table

Synonym dropped.


Table dropped.


fix_invalid_public_synonyms

Re-create Invalid Public Synonyms

PL/SQL procedure successfully completed.


compile_all
Compile All started
alter java source "ODBCTEST"."DirUtil" compile;
ODBCTEST Compiled.
Compile All is done.

PL/SQL procedure successfully completed.


alter_foreign_keys_ENABLE
Alter Foreign Keys started.
  ENABLE 'ODBCTEST'
Alter Foreign Keys is done.

PL/SQL procedure successfully completed.


alter_triggers_ENABLE
Alter Triggers started.
  ENABLE 'ODBCTEST'
Alter Triggers is done.

PL/SQL procedure successfully completed.


update_id_sequences
Update ID Sequences started
Identity Sequence Updates is done.

PL/SQL procedure successfully completed.


Switch Spooling Off
