=== DBI Started: ./installation_prepare.sql

Create Temp Publicly Updateable Table

Table created.


Grant succeeded.


Synonym created.


Check for Prerequisite BUILD_TYPEs
Prerequisite BUILD_TYPEs for "grbtjva"
WARNING: Prerequisite BUILD_TYPE "grbendp" not found in ODBCAPTURE_INSTALLATION_LOGS table.
 -) "grbjava" last loaded on 07-Jan-2025 23:07:19
WARNING: Prerequisite BUILD_TYPE "grbras" not found in ODBCAPTURE_INSTALLATION_LOGS table.
 -) "grbsdo" last loaded on 07-Jan-2025 23:07:23
 -) "grbsrc" last loaded on 07-Jan-2025 23:07:15
 -) "grbtst" last loaded on 07-Jan-2025 23:07:40
 -) "grbxrep" last loaded on 07-Jan-2025 23:07:26

PL/SQL procedure successfully completed.

=== DBI Completed at 2025-01-07T23:07:49 for a duration of .15 seconds (started at 2025-01-07T23:07:49)
=== DBI Started: ODBCTEST/DIR_UTIL.pkssql

Package created.

=== DBI Completed at 2025-01-07T23:07:49 for a duration of .07 seconds (started at 2025-01-07T23:07:49)
=== DBI Started: ODBCTEST/DirUtil.pjv

Java created.

=== DBI Completed at 2025-01-07T23:07:50 for a duration of .74 seconds (started at 2025-01-07T23:07:49)
=== DBI Started: ODBCTEST/DIR_UTIL.pkbsql

Package body created.

=== DBI Completed at 2025-01-07T23:07:50 for a duration of .02 seconds (started at 2025-01-07T23:07:50)
=== DBI Started: ./installation_finalize.sql

Drop Temp Publicly Updateable Table

Synonym dropped.


Table dropped.


fix_invalid_public_synonyms

Re-create Invalid Public Synonyms

PL/SQL procedure successfully completed.


compile_all
Compile All started
alter java source "ODBCTEST"."DirUtil" compile;
ODBCTEST Compiled.
Compile All is done.

PL/SQL procedure successfully completed.


alter_foreign_keys_ENABLE
Alter Foreign Keys started.
  ENABLE 'ODBCTEST'
Alter Foreign Keys is done.

PL/SQL procedure successfully completed.


alter_triggers_ENABLE
Alter Triggers started.
  ENABLE 'ODBCTEST'
Alter Triggers is done.

PL/SQL procedure successfully completed.


update_id_sequences
Update ID Sequences started
Identity Sequence Updates is done.

PL/SQL procedure successfully completed.


Switch Spooling Off
