=== DBI Started: ./installation_prepare.sql

Create Temp Publicly Updateable Table

Table created.


Grant succeeded.


Synonym created.


Check for Prerequisite BUILD_TYPEs
Prerequisite BUILD_TYPEs for "grbras"
 -) "grbsrc" last loaded on 18-Jan-2025 16:08:20

PL/SQL procedure successfully completed.

=== DBI Completed at 2025-01-18T16:08:25 for a duration of .15 seconds (started at 2025-01-18T16:08:24)
=== DBI Started: ODBCAPTURE/GRAB_RAS.pkssql

Package created.

=== DBI Completed at 2025-01-18T16:08:25 for a duration of .06 seconds (started at 2025-01-18T16:08:25)
=== DBI Started: ODBCAPTURE/EXPORTING_RAS_DATA.tbl

Table created.


Comment created.


Comment created.


Comment created.


Comment created.


Comment created.

=== DBI Completed at 2025-01-18T16:08:25 for a duration of .18 seconds (started at 2025-01-18T16:08:25)
Compile All started

PL/SQL procedure successfully completed.

Compile All is done.
=== DBI Started: ODBCAPTURE/PRIV_OBJ_RACL_VIEW.vw

View created.


View created.

=== DBI Completed at 2025-01-18T16:08:27 for a duration of .11 seconds (started at 2025-01-18T16:08:27)
=== DBI Started: ODBCAPTURE/GRAB_RAS.pkbsql

Package body created.

=== DBI Completed at 2025-01-18T16:08:27 for a duration of .22 seconds (started at 2025-01-18T16:08:27)
=== DBI Started: ./installation_finalize.sql

Drop Temp Publicly Updateable Table

Synonym dropped.


Table dropped.


fix_invalid_public_synonyms

Re-create Invalid Public Synonyms
CREATE OR REPLACE NONEDITIONABLE PUBLIC SYNONYM "ODBCAPTURE_INSTALLATION_LOGS" for "ADMIN"."ODBCAPTURE_INSTALLATION_LOGS"

PL/SQL procedure successfully completed.


compile_all
Compile All started
ODBCAPTURE Compiled.
Compile All is done.

PL/SQL procedure successfully completed.


alter_foreign_keys_ENABLE
Alter Foreign Keys started.
  ENABLE 'ODBCAPTURE'
alter table "ODBCAPTURE"."BUILD_PATH" ENABLE constraint "BUILD_PATH_FK1";
alter table "ODBCAPTURE"."BUILD_PATH" ENABLE constraint "BUILD_PATH_FK2";
alter table "ODBCAPTURE"."DLOAD_CONF" ENABLE constraint "DLOAD_CONF_FK1";
alter table "ODBCAPTURE"."DLOAD_CONF" ENABLE constraint "DLOAD_CONF_FK2";
alter table "ODBCAPTURE"."OBJECT_CONF" ENABLE constraint "OBJECT_CONF_FK1";
alter table "ODBCAPTURE"."OBJECT_CONF" ENABLE constraint "OBJECT_CONF_FK2";
alter table "ODBCAPTURE"."OBJECT_CONF" ENABLE constraint "OBJECT_CONF_FK3";
alter table "ODBCAPTURE"."ROLE_CONF" ENABLE constraint "ROLE_CONF_FK1";
alter table "ODBCAPTURE"."SCHEMA_CONF" ENABLE constraint "SCHEMA_CONF_FK1";
alter table "ODBCAPTURE"."TSPACE_CONF" ENABLE constraint "TSPACE_CONF_FK1";
Alter Foreign Keys is done.

PL/SQL procedure successfully completed.


alter_triggers_ENABLE
Alter Triggers started.
  ENABLE 'ODBCAPTURE'
Alter Triggers is done.

PL/SQL procedure successfully completed.


update_id_sequences
Update ID Sequences started
Identity Sequence Updates is done.

PL/SQL procedure successfully completed.


Switch Spooling Off
