=== DBI Started: ./installation_prepare.sql

Create Temp Publicly Updateable Table

Table created.


Grant succeeded.


Synonym created.


Check for Prerequisite BUILD_TYPEs
Prerequisite BUILD_TYPEs for "grbtjva"
WARNING: Prerequisite BUILD_TYPE "grbendp" not found in ODBCAPTURE_INSTALLATION_LOGS table.
 -) "grbjava" last loaded on 18-Jan-2025 01:04:51
 -) "grbras" last loaded on 18-Jan-2025 01:04:44
 -) "grbsdo" last loaded on 18-Jan-2025 01:04:58
 -) "grbsrc" last loaded on 18-Jan-2025 01:04:32
 -) "grbtst" last loaded on 18-Jan-2025 01:05:34
 -) "grbxrep" last loaded on 18-Jan-2025 01:05:06

PL/SQL procedure successfully completed.

=== DBI Completed at 2025-01-18T01:05:51 for a duration of .37 seconds (started at 2025-01-18T01:05:51)
=== DBI Started: ODBCTEST/DIR_UTIL.pkssql

Package created.

=== DBI Completed at 2025-01-18T01:05:52 for a duration of .25 seconds (started at 2025-01-18T01:05:51)
=== DBI Started: ODBCTEST/DirUtil.pjv

Java created.

=== DBI Completed at 2025-01-18T01:05:53 for a duration of .92 seconds (started at 2025-01-18T01:05:52)
=== DBI Started: ODBCTEST/DIR_UTIL.pkbsql

Package body created.

=== DBI Completed at 2025-01-18T01:05:53 for a duration of .23 seconds (started at 2025-01-18T01:05:53)
=== DBI Started: ./installation_finalize.sql

Drop Temp Publicly Updateable Table

Synonym dropped.


Table dropped.


fix_invalid_public_synonyms

Re-create Invalid Public Synonyms

PL/SQL procedure successfully completed.


compile_all
Compile All started
alter java source "ODBCTEST"."DirUtil" compile;
ODBCTEST Compiled.
Compile All is done.

PL/SQL procedure successfully completed.


alter_foreign_keys_ENABLE
Alter Foreign Keys started.
  ENABLE 'ODBCTEST'
Alter Foreign Keys is done.

PL/SQL procedure successfully completed.


alter_triggers_ENABLE
Alter Triggers started.
  ENABLE 'ODBCTEST'
Alter Triggers is done.

PL/SQL procedure successfully completed.


update_id_sequences
Update ID Sequences started
Identity Sequence Updates is done.

PL/SQL procedure successfully completed.


Switch Spooling Off
